core_cm4.h:2064:26:ITM_SendChar	16	static,ignoring_inline_asm
main.c:70:6:delay	16	static
main.c:77:6:Display_Temp	40	static
main.c:87:6:Display_Rh	40	static
main.c:104:6:Set_Pin_Output	40	static
main.c:113:6:Set_Pin_Input	40	static
main.c:125:6:DHT11_Start	8	static
main.c:146:9:DHT11_Check_Response	16	static
main.c:161:9:DHT11_Read	16	static
main.c:178:6:LED_green	8	static
main.c:188:6:RED_LED	8	static
main.c:198:6:Buzzer	8	static
main.c:212:5:_write	32	static
main.c:229:5:main	8	static
main.c:329:6:SystemClock_Config	88	static
main.c:380:13:MX_I2C1_Init	8	static
main.c:414:13:MX_TIM2_Init	64	static
main.c:473:13:MX_TIM6_Init	16	static
main.c:511:13:MX_GPIO_Init	40	static
main.c:540:6:Error_Handler	4	static,ignoring_inline_asm
